2026-02-06 11:53:21,461 - INFO - =========KNN===========
2026-02-06 11:53:21,488 - INFO - KNN Test Accuracy : 0.6919801277501775
2026-02-06 11:53:21,488 - INFO - =========NB===========
2026-02-06 11:53:21,495 - INFO - Naive Bayes Test Accuracy : 0.6820440028388929
2026-02-06 11:53:21,495 - INFO - =========LR===========
2026-02-06 11:53:21,521 - INFO - LogisticRegression Test Accuracy : 0.7551454932576295
2026-02-06 11:53:21,521 - INFO - =========DT===========
2026-02-06 11:53:21,603 - INFO - DecisionTreeClassifier Test Accuracy : 0.7224982256919801
2026-02-06 11:53:21,603 - INFO - =========RF===========
2026-02-06 11:53:21,666 - INFO - RandomForestClassifier Test Accuracy : 0.7743080198722498
2026-02-06 11:53:21,666 - INFO - =========SVM===========
2026-02-06 11:53:29,485 - INFO - SVM Test Accuracy : 0.7906316536550745
2026-02-06 11:53:29,485 - INFO - =========Gradient Boosting===========
2026-02-06 11:53:31,546 - INFO - GradientBoostingClassifier Test Accuracy : 0.8034066713981547
2026-02-06 11:53:31,546 - INFO - =========AdaBoost===========
2026-02-06 11:53:32,048 - INFO - AdaBoostClassifier Test Accuracy : 0.7998580553584103
2026-02-06 11:53:32,048 - INFO - =========Extra Trees===========
2026-02-06 11:53:32,856 - INFO - ExtraTreesClassifier Test Accuracy : 0.7842441447835344
2026-02-06 11:53:32,856 - INFO - =========XGBoost===========
2026-02-06 11:53:33,183 - INFO - XGBoost Test Accuracy : 0.7963094393186657
2026-02-06 11:53:33,738 - INFO - KNN ROC-AUC Score: 0.7747626983551916
2026-02-06 11:53:33,738 - INFO - NB ROC-AUC Score: 0.8363834918794704
2026-02-06 11:53:33,738 - INFO - LR ROC-AUC Score: 0.8605147660107445
2026-02-06 11:53:33,738 - INFO - DT ROC-AUC Score: 0.6577370169863467
2026-02-06 11:53:33,738 - INFO - RF ROC-AUC Score: 0.7875969132671545
2026-02-06 11:53:33,738 - INFO - SVM ROC-AUC Score: 0.8489136397983583
2026-02-06 11:53:33,738 - INFO - GBC ROC-AUC Score: 0.8569850010868778
2026-02-06 11:53:33,738 - INFO - ADA ROC-AUC Score: 0.8544373078555384
2026-02-06 11:53:33,738 - INFO - ETC ROC-AUC Score: 0.8175093419731488
2026-02-06 11:53:33,738 - INFO - XGA ROC-AUC Score: 0.835726189613589
2026-02-06 11:53:33,738 - INFO - ===================================
2026-02-06 11:53:33,738 - INFO - BEST MODEL: LR
2026-02-06 11:53:33,738 - INFO - BEST ROC-AUC: 0.8605147660107445
2026-02-06 11:53:33,738 - INFO - ===================================
2026-02-06 11:53:33,739 - INFO - LR saved successfully as churn_Prediction.pkl
