2026-02-06 11:53:19,421 - INFO - Index(['gender', 'Partner', 'Dependents', 'PhoneService', 'MultipleLines',
       'InternetService', 'OnlineSecurity', 'OnlineBackup', 'DeviceProtection',
       'TechSupport', 'StreamingTV', 'StreamingMovies', 'Contract',
       'PaperlessBilling', 'PaymentMethod', 'SIM_Provider'],
      dtype='str')
2026-02-06 11:53:19,421 - INFO - Index(['gender', 'Partner', 'Dependents', 'PhoneService', 'MultipleLines',
       'InternetService', 'OnlineSecurity', 'OnlineBackup', 'DeviceProtection',
       'TechSupport', 'StreamingTV', 'StreamingMovies', 'Contract',
       'PaperlessBilling', 'PaymentMethod', 'SIM_Provider'],
      dtype='str')
2026-02-06 11:53:19,422 - INFO - gender -> : <StringArray>
['Female', 'Male']
Length: 2, dtype: str
2026-02-06 11:53:19,422 - INFO - Partner -> : <StringArray>
['No', 'Yes']
Length: 2, dtype: str
2026-02-06 11:53:19,422 - INFO - Dependents -> : <StringArray>
['Yes', 'No']
Length: 2, dtype: str
2026-02-06 11:53:19,422 - INFO - PhoneService -> : <StringArray>
['Yes', 'No']
Length: 2, dtype: str
2026-02-06 11:53:19,423 - INFO - MultipleLines -> : <StringArray>
['No', 'Yes', 'No phone service']
Length: 3, dtype: str
2026-02-06 11:53:19,423 - INFO - InternetService -> : <StringArray>
['DSL', 'Fiber optic', 'No']
Length: 3, dtype: str
2026-02-06 11:53:19,423 - INFO - OnlineSecurity -> : <StringArray>
['Yes', 'No', 'No internet service']
Length: 3, dtype: str
2026-02-06 11:53:19,424 - INFO - OnlineBackup -> : <StringArray>
['No', 'Yes', 'No internet service']
Length: 3, dtype: str
2026-02-06 11:53:19,424 - INFO - DeviceProtection -> : <StringArray>
['Yes', 'No', 'No internet service']
Length: 3, dtype: str
2026-02-06 11:53:19,424 - INFO - TechSupport -> : <StringArray>
['No', 'Yes', 'No internet service']
Length: 3, dtype: str
2026-02-06 11:53:19,424 - INFO - StreamingTV -> : <StringArray>
['No', 'Yes', 'No internet service']
Length: 3, dtype: str
2026-02-06 11:53:19,425 - INFO - StreamingMovies -> : <StringArray>
['Yes', 'No', 'No internet service']
Length: 3, dtype: str
2026-02-06 11:53:19,425 - INFO - Contract -> : <StringArray>
['One year', 'Two year', 'Month-to-month']
Length: 3, dtype: str
2026-02-06 11:53:19,425 - INFO - PaperlessBilling -> : <StringArray>
['No', 'Yes']
Length: 2, dtype: str
2026-02-06 11:53:19,425 - INFO - PaymentMethod -> : <StringArray>
[             'Mailed check', 'Bank transfer (automatic)',
          'Electronic check',   'Credit card (automatic)']
Length: 4, dtype: str
2026-02-06 11:53:19,426 - INFO - SIM_Provider -> : <StringArray>
['Airtel', 'BSNL', 'Jio']
Length: 3, dtype: str
2026-02-06 11:53:19,426 - INFO - Before Converting : Index(['gender', 'Partner', 'Dependents', 'PhoneService', 'MultipleLines',
       'InternetService', 'OnlineSecurity', 'OnlineBackup', 'DeviceProtection',
       'TechSupport', 'StreamingTV', 'StreamingMovies', 'Contract',
       'PaperlessBilling', 'PaymentMethod', 'SIM_Provider'],
      dtype='str')
2026-02-06 11:53:19,426 - INFO - Before Converting : Index(['gender', 'Partner', 'Dependents', 'PhoneService', 'MultipleLines',
       'InternetService', 'OnlineSecurity', 'OnlineBackup', 'DeviceProtection',
       'TechSupport', 'StreamingTV', 'StreamingMovies', 'Contract',
       'PaperlessBilling', 'PaymentMethod', 'SIM_Provider'],
      dtype='str')
2026-02-06 11:53:19,460 - INFO - After Converting : Index(['gender_Male', 'Partner_Yes', 'Dependents_Yes', 'PhoneService_Yes',
       'MultipleLines_No phone service', 'MultipleLines_Yes',
       'InternetService_Fiber optic', 'InternetService_No',
       'OnlineSecurity_No internet service', 'OnlineSecurity_Yes',
       'OnlineBackup_No internet service', 'OnlineBackup_Yes',
       'DeviceProtection_No internet service', 'DeviceProtection_Yes',
       'TechSupport_No internet service', 'TechSupport_Yes',
       'StreamingTV_No internet service', 'StreamingTV_Yes',
       'StreamingMovies_No internet service', 'StreamingMovies_Yes',
       'PaperlessBilling_Yes', 'PaymentMethod_Credit card (automatic)',
       'PaymentMethod_Electronic check', 'PaymentMethod_Mailed check',
       'SIM_Provider_BSNL', 'SIM_Provider_Jio', 'Contract_res'],
      dtype='str')
2026-02-06 11:53:19,461 - INFO - After Converting : Index(['gender_Male', 'Partner_Yes', 'Dependents_Yes', 'PhoneService_Yes',
       'MultipleLines_No phone service', 'MultipleLines_Yes',
       'InternetService_Fiber optic', 'InternetService_No',
       'OnlineSecurity_No internet service', 'OnlineSecurity_Yes',
       'OnlineBackup_No internet service', 'OnlineBackup_Yes',
       'DeviceProtection_No internet service', 'DeviceProtection_Yes',
       'TechSupport_No internet service', 'TechSupport_Yes',
       'StreamingTV_No internet service', 'StreamingTV_Yes',
       'StreamingMovies_No internet service', 'StreamingMovies_Yes',
       'PaperlessBilling_Yes', 'PaymentMethod_Credit card (automatic)',
       'PaymentMethod_Electronic check', 'PaymentMethod_Mailed check',
       'SIM_Provider_BSNL', 'SIM_Provider_Jio', 'Contract_res'],
      dtype='str')
2026-02-06 11:53:19,461 - INFO - (5634, 30)
2026-02-06 11:53:19,461 - INFO - (1409, 30)
2026-02-06 11:53:19,462 - INFO - tenure                                   0
MonthlyCharges                           0
TotalCharges_replaced                    0
gender_Male                              0
Partner_Yes                              0
Dependents_Yes                           0
PhoneService_Yes                         0
MultipleLines_No phone service           0
MultipleLines_Yes                        0
InternetService_Fiber optic              0
InternetService_No                       0
OnlineSecurity_No internet service       0
OnlineSecurity_Yes                       0
OnlineBackup_No internet service         0
OnlineBackup_Yes                         0
DeviceProtection_No internet service     0
DeviceProtection_Yes                     0
TechSupport_No internet service          0
TechSupport_Yes                          0
StreamingTV_No internet service          0
StreamingTV_Yes                          0
StreamingMovies_No internet service      0
StreamingMovies_Yes                      0
PaperlessBilling_Yes                     0
PaymentMethod_Credit card (automatic)    0
PaymentMethod_Electronic check           0
PaymentMethod_Mailed check               0
SIM_Provider_BSNL                        0
SIM_Provider_Jio                         0
Contract_res                             0
dtype: int64
2026-02-06 11:53:19,463 - INFO - tenure                                   0
MonthlyCharges                           0
TotalCharges_replaced                    0
gender_Male                              0
Partner_Yes                              0
Dependents_Yes                           0
PhoneService_Yes                         0
MultipleLines_No phone service           0
MultipleLines_Yes                        0
InternetService_Fiber optic              0
InternetService_No                       0
OnlineSecurity_No internet service       0
OnlineSecurity_Yes                       0
OnlineBackup_No internet service         0
OnlineBackup_Yes                         0
DeviceProtection_No internet service     0
DeviceProtection_Yes                     0
TechSupport_No internet service          0
TechSupport_Yes                          0
StreamingTV_No internet service          0
StreamingTV_Yes                          0
StreamingMovies_No internet service      0
StreamingMovies_Yes                      0
PaperlessBilling_Yes                     0
PaymentMethod_Credit card (automatic)    0
PaymentMethod_Electronic check           0
PaymentMethod_Mailed check               0
SIM_Provider_BSNL                        0
SIM_Provider_Jio                         0
Contract_res                             0
dtype: int64
2026-02-06 11:53:19,463 - INFO - =======================================================
2026-02-06 11:53:19,464 - INFO - gender_Male -> : [0. 1.]
2026-02-06 11:53:19,464 - INFO - Partner_Yes -> : [0. 1.]
2026-02-06 11:53:19,464 - INFO - Dependents_Yes -> : [1. 0.]
2026-02-06 11:53:19,465 - INFO - PhoneService_Yes -> : [1. 0.]
2026-02-06 11:53:19,465 - INFO - MultipleLines_No phone service -> : [0. 1.]
2026-02-06 11:53:19,465 - INFO - MultipleLines_Yes -> : [0. 1.]
2026-02-06 11:53:19,465 - INFO - InternetService_Fiber optic -> : [0. 1.]
2026-02-06 11:53:19,465 - INFO - InternetService_No -> : [0. 1.]
2026-02-06 11:53:19,466 - INFO - OnlineSecurity_No internet service -> : [0. 1.]
2026-02-06 11:53:19,466 - INFO - OnlineSecurity_Yes -> : [1. 0.]
2026-02-06 11:53:19,466 - INFO - OnlineBackup_No internet service -> : [0. 1.]
2026-02-06 11:53:19,466 - INFO - OnlineBackup_Yes -> : [0. 1.]
2026-02-06 11:53:19,466 - INFO - DeviceProtection_No internet service -> : [0. 1.]
2026-02-06 11:53:19,467 - INFO - DeviceProtection_Yes -> : [1. 0.]
2026-02-06 11:53:19,467 - INFO - TechSupport_No internet service -> : [0. 1.]
2026-02-06 11:53:19,467 - INFO - TechSupport_Yes -> : [0. 1.]
2026-02-06 11:53:19,467 - INFO - StreamingTV_No internet service -> : [0. 1.]
2026-02-06 11:53:19,467 - INFO - StreamingTV_Yes -> : [0. 1.]
2026-02-06 11:53:19,468 - INFO - StreamingMovies_No internet service -> : [0. 1.]
2026-02-06 11:53:19,468 - INFO - StreamingMovies_Yes -> : [1. 0.]
2026-02-06 11:53:19,468 - INFO - PaperlessBilling_Yes -> : [0. 1.]
2026-02-06 11:53:19,468 - INFO - PaymentMethod_Credit card (automatic) -> : [0. 1.]
2026-02-06 11:53:19,468 - INFO - PaymentMethod_Electronic check -> : [0. 1.]
2026-02-06 11:53:19,469 - INFO - PaymentMethod_Mailed check -> : [1. 0.]
2026-02-06 11:53:19,469 - INFO - SIM_Provider_BSNL -> : [0. 1.]
2026-02-06 11:53:19,469 - INFO - SIM_Provider_Jio -> : [0. 1.]
2026-02-06 11:53:19,469 - INFO - Contract_res -> : [1. 2. 0.]
