2026-02-06 11:53:19,190 - INFO - Data loded successfully
2026-02-06 11:53:19,190 - INFO - Total Rows in the data : 7043
2026-02-06 11:53:19,190 - INFO - Total columns in the data : 22
2026-02-06 11:53:19,195 - INFO - Before : customerID           0
gender               0
SeniorCitizen        0
Partner              0
Dependents           0
tenure               0
PhoneService         0
MultipleLines        0
InternetService      0
OnlineSecurity       0
OnlineBackup         0
DeviceProtection     0
TechSupport          0
StreamingTV          0
StreamingMovies      0
Contract             0
PaperlessBilling     0
PaymentMethod        0
MonthlyCharges       0
TotalCharges        11
Churn                0
SIM_Provider         0
dtype: int64
2026-02-06 11:53:19,202 - INFO - Index(['gender', 'SeniorCitizen', 'Partner', 'Dependents', 'tenure',
       'PhoneService', 'MultipleLines', 'InternetService', 'OnlineSecurity',
       'OnlineBackup', 'DeviceProtection', 'TechSupport', 'StreamingTV',
       'StreamingMovies', 'Contract', 'PaperlessBilling', 'PaymentMethod',
       'MonthlyCharges', 'TotalCharges', 'SIM_Provider'],
      dtype='str')
2026-02-06 11:53:19,202 - INFO - Index(['gender', 'SeniorCitizen', 'Partner', 'Dependents', 'tenure',
       'PhoneService', 'MultipleLines', 'InternetService', 'OnlineSecurity',
       'OnlineBackup', 'DeviceProtection', 'TechSupport', 'StreamingTV',
       'StreamingMovies', 'Contract', 'PaperlessBilling', 'PaymentMethod',
       'MonthlyCharges', 'TotalCharges', 'SIM_Provider'],
      dtype='str')
2026-02-06 11:53:19,203 - INFO - 6616    Yes
29      Yes
1450     No
661      No
2995     No
Name: Churn, dtype: str
2026-02-06 11:53:19,203 - INFO - 408     Yes
1195     No
6542    Yes
1662    Yes
4817     No
Name: Churn, dtype: str
2026-02-06 11:53:19,203 - INFO - Training data size : (5634, 20)
2026-02-06 11:53:19,203 - INFO - Testing data size : (1409, 20)
2026-02-06 11:53:19,207 - INFO - Before (Train):
TotalCharges    10
dtype: int64
2026-02-06 11:53:19,209 - INFO - Before (Test):
TotalCharges    1
dtype: int64
2026-02-06 11:53:19,226 - INFO - random sample technique applied
2026-02-06 11:53:19,229 - INFO - After (Train):
0
2026-02-06 11:53:19,232 - INFO - After (Train):
0
2026-02-06 11:53:19,232 - INFO - Index(['gender', 'SeniorCitizen', 'Partner', 'Dependents', 'tenure',
       'PhoneService', 'MultipleLines', 'InternetService', 'OnlineSecurity',
       'OnlineBackup', 'DeviceProtection', 'TechSupport', 'StreamingTV',
       'StreamingMovies', 'Contract', 'PaperlessBilling', 'PaymentMethod',
       'MonthlyCharges', 'SIM_Provider', 'TotalCharges_replaced'],
      dtype='str')
2026-02-06 11:53:19,232 - INFO - Index(['gender', 'SeniorCitizen', 'Partner', 'Dependents', 'tenure',
       'PhoneService', 'MultipleLines', 'InternetService', 'OnlineSecurity',
       'OnlineBackup', 'DeviceProtection', 'TechSupport', 'StreamingTV',
       'StreamingMovies', 'Contract', 'PaperlessBilling', 'PaymentMethod',
       'MonthlyCharges', 'SIM_Provider', 'TotalCharges_replaced'],
      dtype='str')
2026-02-06 11:53:19,232 - INFO - ----------------------------------
2026-02-06 11:53:19,233 - INFO - Index(['SeniorCitizen', 'tenure', 'MonthlyCharges', 'TotalCharges_replaced'], dtype='str')
2026-02-06 11:53:19,233 - INFO - Index(['gender', 'Partner', 'Dependents', 'PhoneService', 'MultipleLines',
       'InternetService', 'OnlineSecurity', 'OnlineBackup', 'DeviceProtection',
       'TechSupport', 'StreamingTV', 'StreamingMovies', 'Contract',
       'PaperlessBilling', 'PaymentMethod', 'SIM_Provider'],
      dtype='str')
2026-02-06 11:53:19,233 - INFO - Index(['SeniorCitizen', 'tenure', 'MonthlyCharges', 'TotalCharges_replaced'], dtype='str')
2026-02-06 11:53:19,233 - INFO - Index(['gender', 'Partner', 'Dependents', 'PhoneService', 'MultipleLines',
       'InternetService', 'OnlineSecurity', 'OnlineBackup', 'DeviceProtection',
       'TechSupport', 'StreamingTV', 'StreamingMovies', 'Contract',
       'PaperlessBilling', 'PaymentMethod', 'SIM_Provider'],
      dtype='str')
2026-02-06 11:53:19,233 - INFO - (5634, 4)
2026-02-06 11:53:19,233 - INFO - (5634, 16)
2026-02-06 11:53:19,233 - INFO - (1409, 4)
2026-02-06 11:53:19,233 - INFO - (1409, 16)
2026-02-06 11:53:19,253 - INFO - Index(['SeniorCitizen_minmax_trim', 'tenure_minmax_trim',
       'MonthlyCharges_minmax_trim', 'TotalCharges_replaced_minmax_trim'],
      dtype='str') -> (5634, 4)
2026-02-06 11:53:19,253 - INFO - Index(['SeniorCitizen_minmax_trim', 'tenure_minmax_trim',
       'MonthlyCharges_minmax_trim', 'TotalCharges_replaced_minmax_trim'],
      dtype='str') -> (1409, 4)
2026-02-06 11:53:19,253 - INFO - Index(['gender', 'SeniorCitizen', 'Partner', 'Dependents', 'tenure',
       'PhoneService', 'MultipleLines', 'InternetService', 'OnlineSecurity',
       'OnlineBackup', 'DeviceProtection', 'TechSupport', 'StreamingTV',
       'StreamingMovies', 'Contract', 'PaperlessBilling', 'PaymentMethod',
       'MonthlyCharges', 'SIM_Provider', 'TotalCharges_replaced'],
      dtype='str')
2026-02-06 11:53:19,253 - INFO - Index(['gender', 'SeniorCitizen', 'Partner', 'Dependents', 'tenure',
       'PhoneService', 'MultipleLines', 'InternetService', 'OnlineSecurity',
       'OnlineBackup', 'DeviceProtection', 'TechSupport', 'StreamingTV',
       'StreamingMovies', 'Contract', 'PaperlessBilling', 'PaymentMethod',
       'MonthlyCharges', 'SIM_Provider', 'TotalCharges_replaced'],
      dtype='str')
2026-02-06 11:53:19,253 - INFO - ----------------------------------
2026-02-06 11:53:19,254 - INFO -  Before: Index(['SeniorCitizen', 'tenure', 'MonthlyCharges', 'TotalCharges_replaced'], dtype='str') -> (5634, 4)
2026-02-06 11:53:19,254 - INFO -  Before: Index(['SeniorCitizen', 'tenure', 'MonthlyCharges', 'TotalCharges_replaced'], dtype='str') -> (1409, 4)
2026-02-06 11:53:19,421 - INFO -  After: Index(['tenure', 'MonthlyCharges', 'TotalCharges_replaced'], dtype='str') -> (5634, 3)
2026-02-06 11:53:19,421 - INFO -  After: Index(['tenure', 'MonthlyCharges', 'TotalCharges_replaced'], dtype='str') -> (1409, 3)
